// Jest Snapshot v1, https://goo.gl/fbAQLP

exports[`UserList Component renders correctly and matches snapshot 1`] = `
<DocumentFragment>
  <div
    class="flex items-center justify-center bg-gray-700 min-h-[516px] rounded-xl mb-4"
  >
    <div
      class="user-list bg-gray-800 p-2 rounded-lg shadow-lg"
      style="min-height: 550px; min-width: 220px;"
    >
      <ul
        class="list-none space-y-1"
      />
    </div>
  </div>
</DocumentFragment>
`;
